client/src/pages/book-beauty.tsx(107,17): error TS18004: No value exists in scope for the shorthand property 'providerId'. Either declare one or provide an initializer.
client/src/pages/checkout.tsx(54,30): error TS2339: Property 'increaseQuantity' does not exist on type 'CartState'.
client/src/pages/checkout.tsx(54,48): error TS2339: Property 'decreaseQuantity' does not exist on type 'CartState'.
client/src/pages/grocery.tsx(136,9): error TS2353: Object literal may only specify known properties, and 'quantity' does not exist in type 'Omit<CartItem, "quantity">'.
client/src/pages/grocery.tsx(248,17): error TS2322: Type '{ name: string; id: string; createdAt: Date; description: string | null; imageUrl: string | null; providerId: string; price: string; updatedAt: Date; category: string; weight: string | null; unit: string | null; inStock: boolean; stockQuantity: number; }' is not assignable to type '{ id: string; name: string; price: string | number; weight?: string | undefined; imageUrl?: string | undefined; category?: string | undefined; inStock?: boolean | undefined; }'.
  Types of property 'weight' are incompatible.
    Type 'string | null' is not assignable to type 'string | undefined'.
      Type 'null' is not assignable to type 'string | undefined'.
client/src/pages/plumber.tsx(203,27): error TS2339: Property 'length' does not exist on type '{}'.
client/src/pages/plumber.tsx(214,28): error TS2339: Property 'map' does not exist on type '{}'.
client/src/pages/plumber.tsx(218,21): error TS2322: Type '{ key: any; provider: any; onCallRequest: () => void; onSchedule: () => void; }' is not assignable to type 'IntrinsicAttributes & ProviderCardProps'.
  Property 'onCallRequest' does not exist on type 'IntrinsicAttributes & ProviderCardProps'.
client/src/pages/provider-onboarding.tsx(58,7): error TS2322: Type 'string' is not assignable to type 'number'.
client/src/pages/provider-onboarding.tsx(60,7): error TS2322: Type 'string' is not assignable to type 'number'.
client/src/pages/provider-onboarding.tsx(61,7): error TS2322: Type 'string' is not assignable to type 'number'.
client/src/pages/provider-onboarding.tsx(121,49): error TS2345: Argument of type '(data: ProfileFormValues) => void' is not assignable to parameter of type 'SubmitHandler<TFieldValues>'.
  Types of parameters 'data' and 'data' are incompatible.
    Type 'TFieldValues' is not assignable to type '{ address: string; categoryId: string; businessName: string; experience: number; description?: string | undefined; latitude?: number | undefined; longitude?: number | undefined; specializations?: string | undefined; }'.
      Type 'FieldValues' is missing the following properties from type '{ address: string; categoryId: string; businessName: string; experience: number; description?: string | undefined; latitude?: number | undefined; longitude?: number | undefined; specializations?: string | undefined; }': address, categoryId, businessName, experience
client/src/pages/provider-onboarding.tsx(123,19): error TS2322: Type 'Control<{ address: string; categoryId: string; businessName: string; experience: number; description?: string | undefined; latitude?: number | undefined; longitude?: number | undefined; specializations?: string | undefined; }, any, TFieldValues>' is not assignable to type 'Control<{ address: string; categoryId: string; businessName: string; experience: number; description?: string | undefined; latitude?: number | undefined; longitude?: number | undefined; specializations?: string | undefined; }, any, { ...; }>'.
  The types of '_options.resolver' are incompatible between these types.
    Type 'Resolver<{ address: string; categoryId: string; businessName: string; experience: number; description?: string | undefined; latitude?: number | undefined; longitude?: number | undefined; specializations?: string | undefined; }, any, TFieldValues> | undefined' is not assignable to type 'Resolver<{ address: string; categoryId: string; businessName: string; experience: number; description?: string | undefined; latitude?: number | undefined; longitude?: number | undefined; specializations?: string | undefined; }, any, { ...; }> | undefined'.
      Type 'Resolver<{ address: string; categoryId: string; businessName: string; experience: number; description?: string | undefined; latitude?: number | undefined; longitude?: number | undefined; specializations?: string | undefined; }, any, TFieldValues>' is not assignable to type 'Resolver<{ address: string; categoryId: string; businessName: string; experience: number; description?: string | undefined; latitude?: number | undefined; longitude?: number | undefined; specializations?: string | undefined; }, any, { ...; }>'.
        Type 'ResolverResult<{ address: string; categoryId: string; businessName: string; experience: number; description?: string | undefined; latitude?: number | undefined; longitude?: number | undefined; specializations?: string | undefined; }, TFieldValues> | Promise<...>' is not assignable to type 'ResolverResult<{ address: string; categoryId: string; businessName: string; experience: number; description?: string | undefined; latitude?: number | undefined; longitude?: number | undefined; specializations?: string | undefined; }, { ...; }> | Promise<...>'.
          Type 'ResolverSuccess<TFieldValues>' is not assignable to type 'ResolverResult<{ address: string; categoryId: string; businessName: string; experience: number; description?: string | undefined; latitude?: number | undefined; longitude?: number | undefined; specializations?: string | undefined; }, { ...; }> | Promise<...>'.
            Type 'ResolverSuccess<TFieldValues>' is not assignable to type 'ResolverSuccess<{ address: string; categoryId: string; businessName: string; experience: number; description?: string | undefined; latitude?: number | undefined; longitude?: number | undefined; specializations?: string | undefined; }>'.
              Type 'TFieldValues' is not assignable to type '{ address: string; categoryId: string; businessName: string; experience: number; description?: string | undefined; latitude?: number | undefined; longitude?: number | undefined; specializations?: string | undefined; }'.
                Type 'FieldValues' is missing the following properties from type '{ address: string; categoryId: string; businessName: string; experience: number; description?: string | undefined; latitude?: number | undefined; longitude?: number | undefined; specializations?: string | undefined; }': address, categoryId, businessName, experience
client/src/pages/provider-onboarding.tsx(141,19): error TS2322: Type 'Control<{ address: string; categoryId: string; businessName: string; experience: number; description?: string | undefined; latitude?: number | undefined; longitude?: number | undefined; specializations?: string | undefined; }, any, TFieldValues>' is not assignable to type 'Control<{ address: string; categoryId: string; businessName: string; experience: number; description?: string | undefined; latitude?: number | undefined; longitude?: number | undefined; specializations?: string | undefined; }, any, { ...; }>'.
  The types of '_options.resolver' are incompatible between these types.
    Type 'Resolver<{ address: string; categoryId: string; businessName: string; experience: number; description?: string | undefined; latitude?: number | undefined; longitude?: number | undefined; specializations?: string | undefined; }, any, TFieldValues> | undefined' is not assignable to type 'Resolver<{ address: string; categoryId: string; businessName: string; experience: number; description?: string | undefined; latitude?: number | undefined; longitude?: number | undefined; specializations?: string | undefined; }, any, { ...; }> | undefined'.
      Type 'Resolver<{ address: string; categoryId: string; businessName: string; experience: number; description?: string | undefined; latitude?: number | undefined; longitude?: number | undefined; specializations?: string | undefined; }, any, TFieldValues>' is not assignable to type 'Resolver<{ address: string; categoryId: string; businessName: string; experience: number; description?: string | undefined; latitude?: number | undefined; longitude?: number | undefined; specializations?: string | undefined; }, any, { ...; }>'.
        Type 'ResolverResult<{ address: string; categoryId: string; businessName: string; experience: number; description?: string | undefined; latitude?: number | undefined; longitude?: number | undefined; specializations?: string | undefined; }, TFieldValues> | Promise<...>' is not assignable to type 'ResolverResult<{ address: string; categoryId: string; businessName: string; experience: number; description?: string | undefined; latitude?: number | undefined; longitude?: number | undefined; specializations?: string | undefined; }, { ...; }> | Promise<...>'.
          Type 'ResolverSuccess<TFieldValues>' is not assignable to type 'ResolverResult<{ address: string; categoryId: string; businessName: string; experience: number; description?: string | undefined; latitude?: number | undefined; longitude?: number | undefined; specializations?: string | undefined; }, { ...; }> | Promise<...>'.
            Type 'ResolverSuccess<TFieldValues>' is not assignable to type 'ResolverSuccess<{ address: string; categoryId: string; businessName: string; experience: number; description?: string | undefined; latitude?: number | undefined; longitude?: number | undefined; specializations?: string | undefined; }>'.
              Type 'TFieldValues' is not assignable to type '{ address: string; categoryId: string; businessName: string; experience: number; description?: string | undefined; latitude?: number | undefined; longitude?: number | undefined; specializations?: string | undefined; }'.
                Type 'FieldValues' is missing the following properties from type '{ address: string; categoryId: string; businessName: string; experience: number; description?: string | undefined; latitude?: number | undefined; longitude?: number | undefined; specializations?: string | undefined; }': address, categoryId, businessName, experience
client/src/pages/provider-onboarding.tsx(153,40): error TS2339: Property 'map' does not exist on type '{}'.
client/src/pages/provider-onboarding.tsx(166,19): error TS2322: Type 'Control<{ address: string; categoryId: string; businessName: string; experience: number; description?: string | undefined; latitude?: number | undefined; longitude?: number | undefined; specializations?: string | undefined; }, any, TFieldValues>' is not assignable to type 'Control<{ address: string; categoryId: string; businessName: string; experience: number; description?: string | undefined; latitude?: number | undefined; longitude?: number | undefined; specializations?: string | undefined; }, any, { ...; }>'.
  The types of '_options.resolver' are incompatible between these types.
    Type 'Resolver<{ address: string; categoryId: string; businessName: string; experience: number; description?: string | undefined; latitude?: number | undefined; longitude?: number | undefined; specializations?: string | undefined; }, any, TFieldValues> | undefined' is not assignable to type 'Resolver<{ address: string; categoryId: string; businessName: string; experience: number; description?: string | undefined; latitude?: number | undefined; longitude?: number | undefined; specializations?: string | undefined; }, any, { ...; }> | undefined'.
      Type 'Resolver<{ address: string; categoryId: string; businessName: string; experience: number; description?: string | undefined; latitude?: number | undefined; longitude?: number | undefined; specializations?: string | undefined; }, any, TFieldValues>' is not assignable to type 'Resolver<{ address: string; categoryId: string; businessName: string; experience: number; description?: string | undefined; latitude?: number | undefined; longitude?: number | undefined; specializations?: string | undefined; }, any, { ...; }>'.
        Type 'ResolverResult<{ address: string; categoryId: string; businessName: string; experience: number; description?: string | undefined; latitude?: number | undefined; longitude?: number | undefined; specializations?: string | undefined; }, TFieldValues> | Promise<...>' is not assignable to type 'ResolverResult<{ address: string; categoryId: string; businessName: string; experience: number; description?: string | undefined; latitude?: number | undefined; longitude?: number | undefined; specializations?: string | undefined; }, { ...; }> | Promise<...>'.
          Type 'ResolverSuccess<TFieldValues>' is not assignable to type 'ResolverResult<{ address: string; categoryId: string; businessName: string; experience: number; description?: string | undefined; latitude?: number | undefined; longitude?: number | undefined; specializations?: string | undefined; }, { ...; }> | Promise<...>'.
            Type 'ResolverSuccess<TFieldValues>' is not assignable to type 'ResolverSuccess<{ address: string; categoryId: string; businessName: string; experience: number; description?: string | undefined; latitude?: number | undefined; longitude?: number | undefined; specializations?: string | undefined; }>'.
              Type 'TFieldValues' is not assignable to type '{ address: string; categoryId: string; businessName: string; experience: number; description?: string | undefined; latitude?: number | undefined; longitude?: number | undefined; specializations?: string | undefined; }'.
                Type 'FieldValues' is missing the following properties from type '{ address: string; categoryId: string; businessName: string; experience: number; description?: string | undefined; latitude?: number | undefined; longitude?: number | undefined; specializations?: string | undefined; }': address, categoryId, businessName, experience
client/src/pages/provider-onboarding.tsx(188,19): error TS2322: Type 'Control<{ address: string; categoryId: string; businessName: string; experience: number; description?: string | undefined; latitude?: number | undefined; longitude?: number | undefined; specializations?: string | undefined; }, any, TFieldValues>' is not assignable to type 'Control<{ address: string; categoryId: string; businessName: string; experience: number; description?: string | undefined; latitude?: number | undefined; longitude?: number | undefined; specializations?: string | undefined; }, any, { ...; }>'.
  The types of '_options.resolver' are incompatible between these types.
    Type 'Resolver<{ address: string; categoryId: string; businessName: string; experience: number; description?: string | undefined; latitude?: number | undefined; longitude?: number | undefined; specializations?: string | undefined; }, any, TFieldValues> | undefined' is not assignable to type 'Resolver<{ address: string; categoryId: string; businessName: string; experience: number; description?: string | undefined; latitude?: number | undefined; longitude?: number | undefined; specializations?: string | undefined; }, any, { ...; }> | undefined'.
      Type 'Resolver<{ address: string; categoryId: string; businessName: string; experience: number; description?: string | undefined; latitude?: number | undefined; longitude?: number | undefined; specializations?: string | undefined; }, any, TFieldValues>' is not assignable to type 'Resolver<{ address: string; categoryId: string; businessName: string; experience: number; description?: string | undefined; latitude?: number | undefined; longitude?: number | undefined; specializations?: string | undefined; }, any, { ...; }>'.
        Type 'ResolverResult<{ address: string; categoryId: string; businessName: string; experience: number; description?: string | undefined; latitude?: number | undefined; longitude?: number | undefined; specializations?: string | undefined; }, TFieldValues> | Promise<...>' is not assignable to type 'ResolverResult<{ address: string; categoryId: string; businessName: string; experience: number; description?: string | undefined; latitude?: number | undefined; longitude?: number | undefined; specializations?: string | undefined; }, { ...; }> | Promise<...>'.
          Type 'ResolverSuccess<TFieldValues>' is not assignable to type 'ResolverResult<{ address: string; categoryId: string; businessName: string; experience: number; description?: string | undefined; latitude?: number | undefined; longitude?: number | undefined; specializations?: string | undefined; }, { ...; }> | Promise<...>'.
            Type 'ResolverSuccess<TFieldValues>' is not assignable to type 'ResolverSuccess<{ address: string; categoryId: string; businessName: string; experience: number; description?: string | undefined; latitude?: number | undefined; longitude?: number | undefined; specializations?: string | undefined; }>'.
              Type 'TFieldValues' is not assignable to type '{ address: string; categoryId: string; businessName: string; experience: number; description?: string | undefined; latitude?: number | undefined; longitude?: number | undefined; specializations?: string | undefined; }'.
                Type 'FieldValues' is missing the following properties from type '{ address: string; categoryId: string; businessName: string; experience: number; description?: string | undefined; latitude?: number | undefined; longitude?: number | undefined; specializations?: string | undefined; }': address, categoryId, businessName, experience
client/src/pages/provider-onboarding.tsx(208,19): error TS2322: Type 'Control<{ address: string; categoryId: string; businessName: string; experience: number; description?: string | undefined; latitude?: number | undefined; longitude?: number | undefined; specializations?: string | undefined; }, any, TFieldValues>' is not assignable to type 'Control<{ address: string; categoryId: string; businessName: string; experience: number; description?: string | undefined; latitude?: number | undefined; longitude?: number | undefined; specializations?: string | undefined; }, any, { ...; }>'.
  The types of '_options.resolver' are incompatible between these types.
    Type 'Resolver<{ address: string; categoryId: string; businessName: string; experience: number; description?: string | undefined; latitude?: number | undefined; longitude?: number | undefined; specializations?: string | undefined; }, any, TFieldValues> | undefined' is not assignable to type 'Resolver<{ address: string; categoryId: string; businessName: string; experience: number; description?: string | undefined; latitude?: number | undefined; longitude?: number | undefined; specializations?: string | undefined; }, any, { ...; }> | undefined'.
      Type 'Resolver<{ address: string; categoryId: string; businessName: string; experience: number; description?: string | undefined; latitude?: number | undefined; longitude?: number | undefined; specializations?: string | undefined; }, any, TFieldValues>' is not assignable to type 'Resolver<{ address: string; categoryId: string; businessName: string; experience: number; description?: string | undefined; latitude?: number | undefined; longitude?: number | undefined; specializations?: string | undefined; }, any, { ...; }>'.
        Type 'ResolverResult<{ address: string; categoryId: string; businessName: string; experience: number; description?: string | undefined; latitude?: number | undefined; longitude?: number | undefined; specializations?: string | undefined; }, TFieldValues> | Promise<...>' is not assignable to type 'ResolverResult<{ address: string; categoryId: string; businessName: string; experience: number; description?: string | undefined; latitude?: number | undefined; longitude?: number | undefined; specializations?: string | undefined; }, { ...; }> | Promise<...>'.
          Type 'ResolverSuccess<TFieldValues>' is not assignable to type 'ResolverResult<{ address: string; categoryId: string; businessName: string; experience: number; description?: string | undefined; latitude?: number | undefined; longitude?: number | undefined; specializations?: string | undefined; }, { ...; }> | Promise<...>'.
            Type 'ResolverSuccess<TFieldValues>' is not assignable to type 'ResolverSuccess<{ address: string; categoryId: string; businessName: string; experience: number; description?: string | undefined; latitude?: number | undefined; longitude?: number | undefined; specializations?: string | undefined; }>'.
              Type 'TFieldValues' is not assignable to type '{ address: string; categoryId: string; businessName: string; experience: number; description?: string | undefined; latitude?: number | undefined; longitude?: number | undefined; specializations?: string | undefined; }'.
                Type 'FieldValues' is missing the following properties from type '{ address: string; categoryId: string; businessName: string; experience: number; description?: string | undefined; latitude?: number | undefined; longitude?: number | undefined; specializations?: string | undefined; }': address, categoryId, businessName, experience
client/src/pages/provider-onboarding.tsx(230,19): error TS2322: Type 'Control<{ address: string; categoryId: string; businessName: string; experience: number; description?: string | undefined; latitude?: number | undefined; longitude?: number | undefined; specializations?: string | undefined; }, any, TFieldValues>' is not assignable to type 'Control<{ address: string; categoryId: string; businessName: string; experience: number; description?: string | undefined; latitude?: number | undefined; longitude?: number | undefined; specializations?: string | undefined; }, any, { ...; }>'.
  The types of '_options.resolver' are incompatible between these types.
    Type 'Resolver<{ address: string; categoryId: string; businessName: string; experience: number; description?: string | undefined; latitude?: number | undefined; longitude?: number | undefined; specializations?: string | undefined; }, any, TFieldValues> | undefined' is not assignable to type 'Resolver<{ address: string; categoryId: string; businessName: string; experience: number; description?: string | undefined; latitude?: number | undefined; longitude?: number | undefined; specializations?: string | undefined; }, any, { ...; }> | undefined'.
      Type 'Resolver<{ address: string; categoryId: string; businessName: string; experience: number; description?: string | undefined; latitude?: number | undefined; longitude?: number | undefined; specializations?: string | undefined; }, any, TFieldValues>' is not assignable to type 'Resolver<{ address: string; categoryId: string; businessName: string; experience: number; description?: string | undefined; latitude?: number | undefined; longitude?: number | undefined; specializations?: string | undefined; }, any, { ...; }>'.
        Type 'ResolverResult<{ address: string; categoryId: string; businessName: string; experience: number; description?: string | undefined; latitude?: number | undefined; longitude?: number | undefined; specializations?: string | undefined; }, TFieldValues> | Promise<...>' is not assignable to type 'ResolverResult<{ address: string; categoryId: string; businessName: string; experience: number; description?: string | undefined; latitude?: number | undefined; longitude?: number | undefined; specializations?: string | undefined; }, { ...; }> | Promise<...>'.
          Type 'ResolverSuccess<TFieldValues>' is not assignable to type 'ResolverResult<{ address: string; categoryId: string; businessName: string; experience: number; description?: string | undefined; latitude?: number | undefined; longitude?: number | undefined; specializations?: string | undefined; }, { ...; }> | Promise<...>'.
            Type 'ResolverSuccess<TFieldValues>' is not assignable to type 'ResolverSuccess<{ address: string; categoryId: string; businessName: string; experience: number; description?: string | undefined; latitude?: number | undefined; longitude?: number | undefined; specializations?: string | undefined; }>'.
              Type 'TFieldValues' is not assignable to type '{ address: string; categoryId: string; businessName: string; experience: number; description?: string | undefined; latitude?: number | undefined; longitude?: number | undefined; specializations?: string | undefined; }'.
                Type 'FieldValues' is missing the following properties from type '{ address: string; categoryId: string; businessName: string; experience: number; description?: string | undefined; latitude?: number | undefined; longitude?: number | undefined; specializations?: string | undefined; }': address, categoryId, businessName, experience
client/src/pages/rental.tsx(95,22): error TS2304: Cannot find name 'CardHeader'.
client/src/pages/rental.tsx(101,23): error TS2304: Cannot find name 'CardHeader'.
client/src/pages/street-food.tsx(210,33): error TS2322: Type '{ children: string; as: string; className: string; "data-testid": string; }' is not assignable to type 'IntrinsicAttributes & ButtonProps & RefAttributes<HTMLButtonElement>'.
  Property 'as' does not exist on type 'IntrinsicAttributes & ButtonProps & RefAttributes<HTMLButtonElement>'.
server/routes.ts(463,51): error TS2345: Argument of type '{ userId: string; scheduledAt: Date; serviceType: string; userAddress: string; userPhone: string; providerId?: string | null | undefined; problemId?: string | null | undefined; preferredTimeSlots?: string[] | ... 1 more ... | undefined; notes?: string | ... 1 more ... | undefined; isUrgent?: boolean | ... 1 more ......' is not assignable to parameter of type '{ serviceType: string; userAddress: string; userPhone: string; providerId?: string | null | undefined; problemId?: string | null | undefined; scheduledAt?: Date | null | undefined; preferredTimeSlots?: string[] | ... 1 more ... | undefined; notes?: string | ... 1 more ... | undefined; isUrgent?: boolean | ... 1 more...'.
  Type '{ userId: string; scheduledAt: Date; serviceType: string; userAddress: string; userPhone: string; providerId?: string | null | undefined; problemId?: string | null | undefined; preferredTimeSlots?: string[] | ... 1 more ... | undefined; notes?: string | ... 1 more ... | undefined; isUrgent?: boolean | ... 1 more ......' is not assignable to type '{ userId: string; providerId?: string | undefined; }'.
    Types of property 'providerId' are incompatible.
      Type 'string | null | undefined' is not assignable to type 'string | undefined'.
        Type 'null' is not assignable to type 'string | undefined'.
server/seed.ts(75,11): error TS7034: Variable 'sampleUsers' implicitly has type 'any[]' in some locations where its type cannot be determined.
server/seed.ts(522,50): error TS7005: Variable 'sampleUsers' implicitly has an 'any[]' type.
